
> HiveMind@0.1.0 build
> next build

Γû▓ Next.js 16.2.2 (Turbopack)
- Environments: .env

  Creating an optimized production build ...
Γ£ô Compiled successfully in 52s
  Running TypeScript ...
  Finished TypeScript in 68s ...
  Collecting page data using 3 workers ...
  Generating static pages using 3 workers (0/9) ...
  Generating static pages using 3 workers (2/9) 
  Generating static pages using 3 workers (4/9) 
  Generating static pages using 3 workers (6/9) 
Γ£ô Generating static pages using 3 workers (9/9) in 2.7s
  Finalizing page optimization ...

Route (app)
Γöî Γùï /
Γö£ Γùï /_not-found
Γö£ Γùï /analytics
Γö£ ╞Æ /api/flood-feed
Γö£ ╞Æ /api/odisha-heatmap
Γö£ ╞Æ /api/predict
Γö£ ╞Æ /api/reports
Γö£ Γùï /login
Γöö Γùï /map


Γùï  (Static)   prerendered as static content
╞Æ  (Dynamic)  server-rendered on demand


